[33mΓ¥»[39m Building...
[32mΓ£ö[39m Building...
[1mInitial chunk files[22m[2m | [22m[1mNames[22m                 [2m | [22m [1mRaw size[22m[2m | [22m[1mEstimated transfer size[22m
[32mchunk-NOU5U6JI.js[39m  [2m | [22m[2m-[22m                     [2m | [22m[36m150.61 kB[39m[2m | [22m               [36m44.61 kB[39m
[32mchunk-W75VLENT.js[39m  [2m | [22m[2m-[22m                     [2m | [22m [36m68.83 kB[39m[2m | [22m               [36m17.26 kB[39m
[32mchunk-EHBT5EZB.js[39m  [2m | [22m[2m-[22m                     [2m | [22m [36m63.97 kB[39m[2m | [22m               [36m17.57 kB[39m
[32mchunk-GPWUIMUR.js[39m  [2m | [22m[2m-[22m                     [2m | [22m [36m15.58 kB[39m[2m | [22m                [36m4.60 kB[39m
[32mstyles-ZJFGHBC3.css[39m[2m | [22m[2mstyles[22m                [2m | [22m  [36m9.91 kB[39m[2m | [22m                [36m1.90 kB[39m
[32mmain-RW4TR3GK.js[39m   [2m | [22m[2mmain[22m                  [2m | [22m  [36m8.69 kB[39m[2m | [22m                [36m2.95 kB[39m
[32mchunk-YTAIU5SE.js[39m  [2m | [22m[2m-[22m                     [2m | [22m  [36m4.06 kB[39m[2m | [22m                [36m1.05 kB[39m
[32mchunk-H6ZYEUIL.js[39m  [2m | [22m[2m-[22m                     [2m | [22m  [36m1.47 kB[39m[2m | [22m              [36m643 bytes[39m
[32mchunk-RYGHUXJS.js[39m  [2m | [22m[2m-[22m                     [2m | [22m  [36m1.24 kB[39m[2m | [22m              [36m488 bytes[39m
[32mchunk-7CGTOI24.js[39m  [2m | [22m[2m-[22m                     [2m | [22m[36m618 bytes[39m[2m | [22m              [36m618 bytes[39m
[32mchunk-7UZYWCAJ.js[39m  [2m | [22m[2m-[22m                     [2m | [22m  [36m0 bytes[39m[2m | [22m                [36m0 bytes[39m

[1m [22m                  [2m | [22m[1mInitial total[22m         [2m | [22m[1m324.97 kB[22m[2m | [22m               [1m91.70 kB[22m

[1mLazy chunk files[22m   [2m | [22m[1mNames[22m                 [2m | [22m [1mRaw size[22m[2m | [22m[1mEstimated transfer size[22m
[32mchunk-KCMSB6LX.js[39m  [2m | [22m[2mprofile-component[22m     [2m | [22m [36m65.43 kB[39m[2m | [22m               [36m12.12 kB[39m
[32mchunk-PN6LFMGA.js[39m  [2m | [22m[2mbrowser[22m               [2m | [22m [36m64.24 kB[39m[2m | [22m               [36m17.18 kB[39m
[32mchunk-RGTONVK7.js[39m  [2m | [22m[2mpractice-component[22m    [2m | [22m [36m25.82 kB[39m[2m | [22m                [36m5.56 kB[39m
[32mchunk-LZYYKDZL.js[39m  [2m | [22m[2mhome-component[22m        [2m | [22m [36m11.86 kB[39m[2m | [22m                [36m3.19 kB[39m
[32mchunk-FLI66SYY.js[39m  [2m | [22m[2monboarding-component[22m  [2m | [22m  [36m7.13 kB[39m[2m | [22m                [36m2.19 kB[39m
[32mchunk-LXYXJ3LK.js[39m  [2m | [22m[2m-[22m                     [2m | [22m  [36m6.80 kB[39m[2m | [22m                [36m2.14 kB[39m
[32mchunk-M4BZLXJQ.js[39m  [2m | [22m[2machievements-component[22m[2m | [22m  [36m3.45 kB[39m[2m | [22m                [36m1.25 kB[39m
[32mchunk-AIY4AFFB.js[39m  [2m | [22m[2m-[22m                     [2m | [22m  [36m2.24 kB[39m[2m | [22m              [36m872 bytes[39m
[32mchunk-Y4SYCIVS.js[39m  [2m | [22m[2m-[22m                     [2m | [22m  [36m1.74 kB[39m[2m | [22m              [36m803 bytes[39m
[32mchunk-ABSUYRSN.js[39m  [2m | [22m[2m-[22m                     [2m | [22m  [36m1.60 kB[39m[2m | [22m              [36m723 bytes[39m
[32mchunk-7QVKHBDC.js[39m  [2m | [22m[2m-[22m                     [2m | [22m[36m867 bytes[39m[2m | [22m              [36m867 bytes[39m
[32mchunk-PIUULYY3.js[39m  [2m | [22m[2mpractice-routes[22m       [2m | [22m[36m208 bytes[39m[2m | [22m              [36m208 bytes[39m
[32mchunk-ISRWL37U.js[39m  [2m | [22m[2machievements-routes[22m   [2m | [22m[36m161 bytes[39m[2m | [22m              [36m161 bytes[39m
[32mchunk-J6JBJT4V.js[39m  [2m | [22m[2monboarding-routes[22m     [2m | [22m[36m157 bytes[39m[2m | [22m              [36m157 bytes[39m
[32mchunk-MQ2AIMV5.js[39m  [2m | [22m[2mprofile-routes[22m        [2m | [22m[36m151 bytes[39m[2m | [22m              [36m151 bytes[39m
[2m...and 1 more lazy chunks files. Use "--verbose" to show all the files.[22m

Application bundle generation complete. [8.416 seconds] - 2026-03-17T04:13:57.267Z

node.exe : [1m[33m[33mΓû▓ [43;33m[[43;30mWARNING[43;33m][0m [1mangular:
styles/component:scss;0f9b25ba2fa830cc9eb19394aa53a87f3235035557d5aec919354641f
775eedd;C:/Users/iago.da.silva/musicteoria/src/app/features/practice/practice.c
omponent.ts exceeded maximum budget. Budget 4.00 kB was not met by 1.28 kB 
with a total of 5.28 kB.[0m
At C:\Users\iago.da.silva\AppData\Roaming\npm\ng.ps1:24 char:5
+     & "node$exe"  "$basedir/node_modules/@angular/cli/bin/ng.js" $arg ...
+     ~~~~~~~~~~~~~~~~~~~~~~~~~~~~~~~~~~~~~~~~~~~~~~~~~~~~~~~~~~~~~~~~~
    + CategoryInfo          : NotSpecified: ([1m[33m[33mΓ...of 5.28 kB.[0m 
   :String) [], RemoteException
    + FullyQualifiedErrorId : NativeCommandError
 

[39m[22m
Output location: C:\Users\iago.da.silva\musicteoria\dist\musicteoria

