[33mΓ¥»[39m Building...
[32mΓ£ö[39m Building...
[1mInitial chunk files[22m                                                  [2m | [22m[1mNames[22m                                                             [2m | [22m [1mRaw size[22m
[32mspec-app-features-practice-practice.component.js[39m                     [2m | [22m[2mspec-app-features-practice-practice.component[22m                     [2m | [22m [36m92.18 kB[39m[2m | [22m
[32mspec-app-shared-components-module-card-module-card.component.js[39m      [2m | [22m[2mspec-app-shared-components-module-card-module-card.component[22m      [2m | [22m [36m17.07 kB[39m[2m | [22m
[32mspec-app-app.js[39m                                                      [2m | [22m[2mspec-app-app[22m                                                      [2m | [22m [36m13.12 kB[39m[2m | [22m
[32mchunk-4KSA45VM.js[39m                                                    [2m | [22m[2m-[22m                                                                 [2m | [22m [36m12.12 kB[39m[2m | [22m
[32mstyles.css[39m                                                           [2m | [22m[2mstyles[22m                                                            [2m | [22m [36m10.90 kB[39m[2m | [22m
[32mspec-app-shared-components-badge-chip-badge-chip.component.js[39m        [2m | [22m[2mspec-app-shared-components-badge-chip-badge-chip.component[22m        [2m | [22m  [36m7.13 kB[39m[2m | [22m
[32mchunk-Y65VE7O7.js[39m                                                    [2m | [22m[2m-[22m                                                                 [2m | [22m  [36m6.86 kB[39m[2m | [22m
[32mchunk-X7HU6D6K.js[39m                                                    [2m | [22m[2m-[22m                                                                 [2m | [22m  [36m6.16 kB[39m[2m | [22m
[32mchunk-S43NSXWG.js[39m                                                    [2m | [22m[2m-[22m                                                                 [2m | [22m  [36m5.10 kB[39m[2m | [22m
[32mspec-app-core-services-progress.service.js[39m                           [2m | [22m[2mspec-app-core-services-progress.service[22m                           [2m | [22m  [36m4.92 kB[39m[2m | [22m
[32mchunk-RSTWSNOR.js[39m                                                    [2m | [22m[2m-[22m                                                                 [2m | [22m  [36m4.75 kB[39m[2m | [22m
[32mspec-app-core-services-audio.service.js[39m                              [2m | [22m[2mspec-app-core-services-audio.service[22m                              [2m | [22m  [36m4.47 kB[39m[2m | [22m
[32mspec-app-core-guards-onboarding.guard.js[39m                             [2m | [22m[2mspec-app-core-guards-onboarding.guard[22m                             [2m | [22m  [36m3.57 kB[39m[2m | [22m
[32mspec-app-shared-components-glass-panel-glass-panel.component.js[39m      [2m | [22m[2mspec-app-shared-components-glass-panel-glass-panel.component[22m      [2m | [22m  [36m3.15 kB[39m[2m | [22m
[32mspec-app-core-services-settings.service.js[39m                           [2m | [22m[2mspec-app-core-services-settings.service[22m                           [2m | [22m  [36m3.09 kB[39m[2m | [22m
[32mchunk-LKI4FPVY.js[39m                                                    [2m | [22m[2m-[22m                                                                 [2m | [22m  [36m2.94 kB[39m[2m | [22m
[32mchunk-GSS2GSGV.js[39m                                                    [2m | [22m[2m-[22m                                                                 [2m | [22m  [36m2.77 kB[39m[2m | [22m
[32mspec-app-shared-components-primary-button-primary-button.component.js[39m[2m | [22m[2mspec-app-shared-components-primary-button-primary-button.component[22m[2m | [22m  [36m2.65 kB[39m[2m | [22m
[32mspec-app-core-storage-storage.service.js[39m                             [2m | [22m[2mspec-app-core-storage-storage.service[22m                             [2m | [22m  [36m2.49 kB[39m[2m | [22m
[32mchunk-OOJ2J2OM.js[39m                                                    [2m | [22m[2m-[22m                                                                 [2m | [22m  [36m2.36 kB[39m[2m | [22m
[32mspec-app-core-i18n-i18n.service.js[39m                                   [2m | [22m[2mspec-app-core-i18n-i18n.service[22m                                   [2m | [22m  [36m2.01 kB[39m[2m | [22m
[32mspec-app-shared-components-xp-bar-xp-bar.component.js[39m                [2m | [22m[2mspec-app-shared-components-xp-bar-xp-bar.component[22m                [2m | [22m  [36m1.53 kB[39m[2m | [22m
[32minit-testbed.js[39m                                                      [2m | [22m[2minit-testbed[22m                                                      [2m | [22m  [36m1.21 kB[39m[2m | [22m
[32mchunk-AMZN4QLD.js[39m                                                    [2m | [22m[2m-[22m                                                                 [2m | [22m  [36m1.14 kB[39m[2m | [22m
[32mvitest-mock-patch.js[39m                                                 [2m | [22m[2mvitest-mock-patch[22m                                                 [2m | [22m[36m704 bytes[39m[2m | [22m

[1m [22m                                                                    [2m | [22m[1mInitial total[22m                                                     [2m | [22m[1m214.41 kB[22m

Application bundle generation complete. [29.481 seconds] - 2026-03-25T14:44:11.123Z


[1m[46m RUN [49m[22m [36mv4.1.0 [39m[90mC:/Users/iago.da.silva/musicteoria[39m

 [32mΓ£ô[39m [30m[43m musicteoria [49m[39m src/app/core/i18n/i18n.service.spec.ts [2m([22m[2m9 tests[22m[2m)[22m[32m 24[2mms[22m[39m
 [32mΓ£ô[39m [30m[43m musicteoria [49m[39m src/app/core/i18n/i18n.service.spec.ts [2m([22m[2m9 tests[22m[2m)[22m[32m 24[2mms[22m[39m
node.exe : node:events:496
At C:\nvm4w\nodejs\npx.ps1:29 char:3
+   & $NODE_EXE $NPX_CLI_JS $args
+   ~~~~~~~~~~~~~~~~~~~~~~~~~~~~~
    + CategoryInfo          : NotSpecified: (node:events:496:String) [], Remot 
   eException
    + FullyQualifiedErrorId : NativeCommandError
 
      throw er; // Unhandled 'error' event
      ^

Error: Worker exited unexpectedly
    at ChildProcess.emitUnexpectedExit (file:///C:/Users/iago.da.silva/musicteo
ria/node_modules/vitest/dist/chunks/cli-api.DuT9iuvY.js:3018:33)
    at ChildProcess.emit (node:events:530:35)
    at Process.ChildProcess._handle.onexit (node:internal/child_process:293:12)
Emitted 'error' event at:
    at ChildProcess.emitUnexpectedExit (file:///C:/Users/iago.da.silva/musicteo
ria/node_modules/vitest/dist/chunks/cli-api.DuT9iuvY.js:3019:22)
    at ChildProcess.emit (node:events:530:35)
    at Process.ChildProcess._handle.onexit (node:internal/child_process:293:12)

Node.js v22.14.0
